\BOOKMARK [1][-]{section.1}{\376\377\000I\000n\000t\000r\000o\000d\000u\000\347\000\343\000o}{}% 1
\BOOKMARK [1][-]{section.2}{\376\377\000T\000r\000a\000b\000a\000l\000h\000o\000s\000\040\000R\000e\000l\000a\000c\000i\000o\000n\000a\000d\000o\000s}{}% 2
\BOOKMARK [2][-]{subsection.2.1}{\376\377\000M\000o\000d\000e\000l\000o\000s\000\040\000d\000e\000\040\000G\000a\000r\000g\000a\000l\000o\000\040\000d\000e\000\040\000C\000o\000n\000c\000e\000i\000t\000o\000\040\000\050\000C\000B\000M\000s\000\051}{section.2}% 3
\BOOKMARK [2][-]{subsection.2.2}{\376\377\000V\000a\000z\000a\000m\000e\000n\000t\000o\000\040\000d\000e\000\040\000C\000o\000n\000c\000e\000i\000t\000o\000\040\000e\000\040\000a\000\040\000M\000u\000d\000a\000n\000\347\000a\000\040\000S\000e\000m\000\342\000n\000t\000i\000c\000a}{section.2}% 4
\BOOKMARK [2][-]{subsection.2.3}{\376\377\000T\000e\000o\000r\000i\000a\000\040\000d\000o\000\040\000G\000a\000r\000g\000a\000l\000o\000\040\000d\000a\000\040\000I\000n\000f\000o\000r\000m\000a\000\347\000\343\000o}{section.2}% 5
\BOOKMARK [1][-]{section.3}{\376\377\000M\000\351\000t\000o\000d\000o\000\040\000P\000r\000o\000p\000o\000s\000t\000o\000:\000\040\000C\000B\000M\000L\000o\000s\000s}{}% 6
\BOOKMARK [2][-]{subsection.3.1}{\376\377\000F\000o\000r\000m\000u\000l\000a\000\347\000\343\000o\000\040\000P\000a\000d\000r\000\343\000o\000\040\000e\000\040\000a\000\040\000V\000u\000l\000n\000e\000r\000a\000b\000i\000l\000i\000d\000a\000d\000e\000\040\000d\000e\000\040\000V\000a\000z\000a\000m\000e\000n\000t\000o}{section.3}% 7
\BOOKMARK [2][-]{subsection.3.2}{\376\377\000R\000e\000g\000u\000l\000a\000r\000i\000z\000a\000\347\000\343\000o\000\040\000d\000e\000\040\000E\000n\000t\000r\000o\000p\000i\000a\000\040\000\050\000L\000H\000\051}{section.3}% 8
\BOOKMARK [2][-]{subsection.3.3}{\376\377\000R\000e\000s\000t\000r\000i\000\347\000\343\000o\000\040\000d\000e\000\040\000O\000r\000t\000o\000g\000o\000n\000a\000l\000i\000d\000a\000d\000e\000\040\000\050\000L\000O\000\051}{section.3}% 9
\BOOKMARK [2][-]{subsection.3.4}{\376\377\000P\000e\000r\000d\000a\000\040\000C\000o\000n\000j\000u\000n\000t\000a\000\040\000T\000o\000t\000a\000l}{section.3}% 10
\BOOKMARK [3][-]{subsubsection.3.4.1}{\376\377\000C\000o\000m\000p\000l\000e\000x\000i\000d\000a\000d\000e\000\040\000C\000o\000m\000p\000u\000t\000a\000c\000i\000o\000n\000a\000l\000\040\000d\000o\000\040\000A\000l\000g\000o\000r\000i\000t\000m\000o}{subsection.3.4}% 11
\BOOKMARK [1][-]{section.4}{\376\377\000M\000e\000t\000o\000d\000o\000l\000o\000g\000i\000a\000\040\000d\000e\000\040\000A\000v\000a\000l\000i\000a\000\347\000\343\000o}{}% 12
\BOOKMARK [2][-]{subsection.4.1}{\376\377\000E\000s\000p\000e\000c\000i\000f\000i\000c\000a\000\347\000\365\000e\000s\000\040\000d\000o\000\040\000C\000o\000n\000j\000u\000n\000t\000o\000\040\000d\000e\000\040\000D\000a\000d\000o\000s\000\040\000e\000\040\000I\000m\000p\000l\000e\000m\000e\000n\000t\000a\000\347\000\343\000o}{section.4}% 13
\BOOKMARK [2][-]{subsection.4.2}{\376\377\000P\000r\000o\000t\000o\000c\000o\000l\000o\000\040\000d\000e\000\040\000I\000n\000t\000e\000r\000v\000e\000n\000\347\000\343\000o\000\040\000C\000a\000u\000s\000a\000l\000\040\000d\000e\000\040\000M\000o\000d\000o\000\040\000D\000u\000p\000l\000o}{section.4}% 14
\BOOKMARK [1][-]{section.5}{\376\377\000R\000e\000s\000u\000l\000t\000a\000d\000o\000s\000\040\000e\000\040\000D\000i\000s\000c\000u\000s\000s\000\343\000o}{}% 15
\BOOKMARK [2][-]{subsection.5.1}{\376\377\000V\000i\000s\000u\000a\000l\000i\000z\000a\000\347\000\365\000e\000s\000\040\000Q\000u\000a\000l\000i\000t\000a\000t\000i\000v\000a\000s\000\040\000d\000o\000\040\000I\000m\000p\000a\000c\000t\000o\000\040\000M\000e\000t\000o\000d\000o\000l\000\363\000g\000i\000c\000o}{section.5}% 16
\BOOKMARK [2][-]{subsection.5.2}{\376\377\000O\000\040\000P\000a\000r\000a\000d\000o\000x\000o\000\040\000d\000a\000\040\000I\000n\000c\000e\000r\000t\000e\000z\000a\000:\000\040\000P\000r\000o\000v\000a\000\040\000D\000e\000f\000i\000n\000i\000t\000i\000v\000a\000\040\000d\000e\000\040\000V\000a\000z\000a\000m\000e\000n\000t\000o}{section.5}% 17
\BOOKMARK [2][-]{subsection.5.3}{\376\377\000R\000e\000s\000i\000l\000i\000\352\000n\000c\000i\000a\000\040\000I\000n\000t\000e\000r\000v\000e\000n\000c\000i\000o\000n\000a\000l\000\040\000e\000\040\000O\000t\000i\000m\000i\000z\000a\000\347\000\343\000o\000\040\000T\000r\000a\000d\000e\000-\000o\000f\000f}{section.5}% 18
\BOOKMARK [2][-]{subsection.5.4}{\376\377\000S\000i\000g\000n\000i\000f\000i\000c\000\342\000n\000c\000i\000a\000\040\000A\000s\000s\000i\000n\000t\000\363\000t\000i\000c\000a\000\040\000n\000a\000\040\000C\000o\000m\000p\000r\000e\000s\000s\000\343\000o\000\040\000d\000a\000\040\000E\000n\000t\000r\000o\000p\000i\000a}{section.5}% 19
\BOOKMARK [2][-]{subsection.5.5}{\376\377\000A\000n\000\341\000l\000i\000s\000e\000\040\000Q\000u\000a\000l\000i\000t\000a\000t\000i\000v\000a}{section.5}% 20
\BOOKMARK [1][-]{section.6}{\376\377\000C\000o\000n\000c\000l\000u\000s\000i\000o\000n}{}% 21
